{"time": "2026-05-22 20:57:31,813", "level": "INFO", "name": "src.sentiment.finbert", "message": "Starting sentiment pipeline"}
{"time": "2026-05-22 20:57:31,817", "level": "INFO", "name": "src.sentiment.finbert", "message": "Initializing FinBERT sentiment pipeline"}
{"time": "2026-05-22 20:57:34,132", "level": "INFO", "name": "src.sentiment.finbert", "message": "Sentiment results written"}
{"time": "2026-05-22 20:57:36,538", "level": "INFO", "name": "src.sentiment.finbert", "message": "DVCLive metrics logged"}
{"time": "2026-05-22 21:54:52,111", "level": "INFO", "name": "src.sentiment.finbert", "message": "Starting sentiment pipeline"}
{"time": "2026-05-22 21:54:52,126", "level": "INFO", "name": "src.sentiment.finbert", "message": "Initializing FinBERT sentiment pipeline"}
{"time": "2026-05-22 21:54:54,201", "level": "INFO", "name": "src.sentiment.finbert", "message": "Sentiment results written"}
{"time": "2026-05-22 21:54:54,683", "level": "INFO", "name": "src.sentiment.finbert", "message": "DVCLive metrics logged"}
{"time": "2026-05-22 21:59:21,581", "level": "INFO", "name": "src.sentiment.finbert", "message": "Starting sentiment pipeline"}
{"time": "2026-05-22 21:59:21,584", "level": "INFO", "name": "src.sentiment.finbert", "message": "Initializing FinBERT sentiment pipeline"}
{"time": "2026-05-22 21:59:23,692", "level": "INFO", "name": "src.sentiment.finbert", "message": "Sentiment results written"}
{"time": "2026-05-22 21:59:24,628", "level": "WARNING", "name": "src.sentiment.finbert", "message": "DVCLive logging failed", "exc_info": "Traceback (most recent call last):\n  File \"D:\\Romain\\Projects\\Finance\\02_Risk Analysis\\ai-quant-risk-engine\\src\\sentiment\\finbert.py\", line 168, in run_sentiment\n    with Live(metrics_dir) as live:\n         ^^^^^^^^^^^^^^^^^\n  File \"D:\\Romain\\Projects\\Finance\\02_Risk Analysis\\ai-quant-risk-engine\\.venv\\Lib\\site-packages\\dvclive\\live.py\", line 1018, in __exit__\n    self.end()\n  File \"D:\\Romain\\Projects\\Finance\\02_Risk Analysis\\ai-quant-risk-engine\\.venv\\Lib\\site-packages\\dvclive\\live.py\", line 993, in end\n    self.save_dvc_exp()\n  File \"D:\\Romain\\Projects\\Finance\\02_Risk Analysis\\ai-quant-risk-engine\\.venv\\Lib\\site-packages\\dvclive\\utils.py\", line 181, in wrapper\n    return func(*args, **kwargs)\n           ^^^^^^^^^^^^^^^^^^^^^\n  File \"D:\\Romain\\Projects\\Finance\\02_Risk Analysis\\ai-quant-risk-engine\\.venv\\Lib\\site-packages\\dvclive\\live.py\", line 1025, in save_dvc_exp\n    self._experiment_rev = self._dvc_repo.experiments.save(\n                           ^^^^^^^^^^^^^^^^^^^^^^^^^^^^^^^^\n  File \"D:\\Romain\\Projects\\Finance\\02_Risk Analysis\\ai-quant-risk-engine\\.venv\\Lib\\site-packages\\dvc\\repo\\experiments\\__init__.py\", line 359, in save\n    return save(self.repo, *args, **kwargs)\n           ^^^^^^^^^^^^^^^^^^^^^^^^^^^^^^^^\n  File \"D:\\Romain\\Projects\\Finance\\02_Risk Analysis\\ai-quant-risk-engine\\.venv\\Lib\\site-packages\\dvc\\repo\\experiments\\save.py\", line 32, in save\n    entry = repo.experiments.new(queue=queue, name=name, force=force)\n            ^^^^^^^^^^^^^^^^^^^^^^^^^^^^^^^^^^^^^^^^^^^^^^^^^^^^^^^^^\n  File \"D:\\Romain\\Projects\\Finance\\02_Risk Analysis\\ai-quant-risk-engine\\.venv\\Lib\\site-packages\\dvc\\repo\\experiments\\__init__.py\", line 218, in new\n    return queue.put(*args, **kwargs)\n           ^^^^^^^^^^^^^^^^^^^^^^^^^^\n  File \"D:\\Romain\\Projects\\Finance\\02_Risk Analysis\\ai-quant-risk-engine\\.venv\\Lib\\site-packages\\dvc\\repo\\experiments\\queue\\workspace.py\", line 38, in put\n    return self._stash_exp(*args, **kwargs)\n           ^^^^^^^^^^^^^^^^^^^^^^^^^^^^^^^^\n  File \"D:\\Romain\\Projects\\Finance\\02_Risk Analysis\\ai-quant-risk-engine\\.venv\\Lib\\site-packages\\dvc\\repo\\experiments\\queue\\base.py\", line 311, in _stash_exp\n    with self.scm.stash_workspace(reinstate_index=True) as workspace:\n         ^^^^^^^^^^^^^^^^^^^^^^^^^^^^^^^^^^^^^^^^^^^^^^\n  File \"C:\\Users\\Romain\\AppData\\Roaming\\uv\\python\\cpython-3.12.12-windows-x86_64-none\\Lib\\contextlib.py\", line 137, in __enter__\n    return next(self.gen)\n           ^^^^^^^^^^^^^^\n  File \"D:\\Romain\\Projects\\Finance\\02_Risk Analysis\\ai-quant-risk-engine\\.venv\\Lib\\site-packages\\scmrepo\\git\\__init__.py\", line 479, in stash_workspace\n    rev = self.stash.push(**kwargs)\n          ^^^^^^^^^^^^^^^^^^^^^^^^^\n  File \"D:\\Romain\\Projects\\Finance\\02_Risk Analysis\\ai-quant-risk-engine\\.venv\\Lib\\site-packages\\scmrepo\\git\\stash.py\", line 36, in push\n    rev, reset = self.scm._stash_push(\n                 ^^^^^^^^^^^^^^^^^^^^^\n  File \"D:\\Romain\\Projects\\Finance\\02_Risk Analysis\\ai-quant-risk-engine\\.venv\\Lib\\site-packages\\scmrepo\\git\\__init__.py\", line 308, in _backend_func\n    result = func(*args, **kwargs)\n             ^^^^^^^^^^^^^^^^^^^^^\n  File \"D:\\Romain\\Projects\\Finance\\02_Risk Analysis\\ai-quant-risk-engine\\.venv\\Lib\\site-packages\\scmrepo\\git\\backend\\pygit2\\__init__.py\", line 804, in _stash_push\n    oid = self.repo.stash(  # type: ignore[attr-defined]\n          ^^^^^^^^^^^^^^^^^^^^^^^^^^^^^^^^^^^^^^^^^^^^^^\n  File \"D:\\Romain\\Projects\\Finance\\02_Risk Analysis\\ai-quant-risk-engine\\.venv\\Lib\\site-packages\\pygit2\\repository.py\", line 1309, in stash\n    check_error(err)\n  File \"D:\\Romain\\Projects\\Finance\\02_Risk Analysis\\ai-quant-risk-engine\\.venv\\Lib\\site-packages\\pygit2\\errors.py\", line 67, in check_error\n    raise GitError(message)\n_pygit2.GitError: could not remove 'D:/Romain/Projects/Finance/02_Risk Analysis/ai-quant-risk-engine/logs/src.ingestion.ingest.log': Le processus ne peut pas acc\u00e9der au fichier car ce fichier est utilis\u00e9 par un autre processus.\r\n"}
{"time": "2026-05-22 22:12:38,716", "level": "INFO", "name": "src.sentiment.finbert", "message": "Starting sentiment pipeline"}
{"time": "2026-05-22 22:12:38,719", "level": "INFO", "name": "src.sentiment.finbert", "message": "Initializing FinBERT sentiment pipeline"}
{"time": "2026-05-22 22:12:40,527", "level": "INFO", "name": "src.sentiment.finbert", "message": "Sentiment results written"}
{"time": "2026-05-22 22:12:40,528", "level": "INFO", "name": "src.sentiment.finbert", "message": "DVCLive metrics (simulated)"}
{"time": "2026-05-22 23:08:05,475", "level": "INFO", "name": "src.sentiment.finbert", "message": "Starting sentiment pipeline"}
{"time": "2026-05-22 23:08:05,500", "level": "INFO", "name": "src.sentiment.finbert", "message": "Initializing FinBERT sentiment pipeline"}
{"time": "2026-05-22 23:08:07,585", "level": "INFO", "name": "src.sentiment.finbert", "message": "Sentiment results written"}
{"time": "2026-05-22 23:08:39,856", "level": "INFO", "name": "src.sentiment.finbert", "message": "Starting sentiment pipeline"}
{"time": "2026-05-22 23:08:39,860", "level": "INFO", "name": "src.sentiment.finbert", "message": "Initializing FinBERT sentiment pipeline"}
{"time": "2026-05-22 23:08:41,617", "level": "INFO", "name": "src.sentiment.finbert", "message": "Sentiment results written"}
{"time": "2026-05-22 23:09:44,851", "level": "INFO", "name": "src.sentiment.finbert", "message": "Starting sentiment pipeline"}
{"time": "2026-05-22 23:09:44,854", "level": "INFO", "name": "src.sentiment.finbert", "message": "Initializing FinBERT sentiment pipeline"}
{"time": "2026-05-22 23:09:46,620", "level": "INFO", "name": "src.sentiment.finbert", "message": "Sentiment results written"}
{"time": "2026-05-23 16:19:22,729", "level": "INFO", "name": "src.sentiment.finbert", "message": "Starting sentiment pipeline"}
{"time": "2026-05-23 16:19:22,738", "level": "INFO", "name": "src.sentiment.finbert", "message": "Sentiment results written"}
{"time": "2026-05-23 16:20:03,399", "level": "INFO", "name": "src.sentiment.finbert", "message": "Starting sentiment pipeline"}
{"time": "2026-05-23 16:20:03,405", "level": "INFO", "name": "src.sentiment.finbert", "message": "Sentiment results written"}
{"time": "2026-05-23 16:21:04,670", "level": "INFO", "name": "src.sentiment.finbert", "message": "Starting sentiment pipeline"}
{"time": "2026-05-23 16:21:04,677", "level": "INFO", "name": "src.sentiment.finbert", "message": "Sentiment results written"}
{"time": "2026-05-23 16:33:25,347", "level": "INFO", "name": "src.sentiment.finbert", "message": "Starting sentiment pipeline"}
{"time": "2026-05-23 16:33:25,352", "level": "INFO", "name": "src.sentiment.finbert", "message": "Sentiment results written"}
{"time": "2026-05-23 18:23:12,111", "level": "INFO", "name": "src.sentiment.finbert", "message": "Starting sentiment pipeline"}
{"time": "2026-05-23 18:23:12,120", "level": "INFO", "name": "src.sentiment.finbert", "message": "Sentiment results written"}
{"time": "2026-05-23 18:23:56,824", "level": "INFO", "name": "src.sentiment.finbert", "message": "Starting sentiment pipeline"}
{"time": "2026-05-23 18:23:56,832", "level": "INFO", "name": "src.sentiment.finbert", "message": "Sentiment results written"}
{"time": "2026-05-24 23:58:16,501", "level": "INFO", "name": "src.sentiment.finbert", "message": "Starting sentiment pipeline"}
{"time": "2026-05-24 23:58:16,505", "level": "INFO", "name": "src.sentiment.finbert", "message": "Sentiment results written"}
